
Discarded input sections

 .group         0x00000000        0x8 ./08_Source/isr.o
 .group         0x00000000        0x8 ./08_Source/isr.o
 .group         0x00000000        0x8 ./08_Source/isr.o
 .group         0x00000000        0x8 ./08_Source/isr.o
 .group         0x00000000        0x8 ./08_Source/isr.o
 .group         0x00000000        0x8 ./08_Source/isr.o
 .group         0x00000000        0x8 ./08_Source/isr.o
 .text          0x00000000        0x0 ./08_Source/isr.o
 .data          0x00000000        0x0 ./08_Source/isr.o
 .bss           0x00000000        0x0 ./08_Source/isr.o
 .debug_info    0x00000000       0x76 ./08_Source/isr.o
 .debug_abbrev  0x00000000       0x29 ./08_Source/isr.o
 .debug_aranges
                0x00000000       0x18 ./08_Source/isr.o
 .debug_macro   0x00000000       0x63 ./08_Source/isr.o
 .debug_macro   0x00000000      0x7f6 ./08_Source/isr.o
 .debug_macro   0x00000000       0x10 ./08_Source/isr.o
 .debug_macro   0x00000000      0x214 ./08_Source/isr.o
 .debug_macro   0x00000000     0x5b10 ./08_Source/isr.o
 .debug_macro   0x00000000       0x2e ./08_Source/isr.o
 .debug_macro   0x00000000       0x52 ./08_Source/isr.o
 .debug_macro   0x00000000       0x28 ./08_Source/isr.o
 .debug_line    0x00000000      0x361 ./08_Source/isr.o
 .debug_str     0x00000000    0x21483 ./08_Source/isr.o
 .comment       0x00000000       0x2b ./08_Source/isr.o
 .ARM.attributes
                0x00000000       0x32 ./08_Source/isr.o
 .group         0x00000000        0x8 ./08_Source/main.o
 .group         0x00000000        0x8 ./08_Source/main.o
 .group         0x00000000        0x8 ./08_Source/main.o
 .group         0x00000000        0x8 ./08_Source/main.o
 .group         0x00000000        0x8 ./08_Source/main.o
 .group         0x00000000        0x8 ./08_Source/main.o
 .group         0x00000000        0x8 ./08_Source/main.o
 .text          0x00000000        0x0 ./08_Source/main.o
 .data          0x00000000        0x0 ./08_Source/main.o
 .bss           0x00000000        0x0 ./08_Source/main.o
 .debug_macro   0x00000000      0x7f6 ./08_Source/main.o
 .debug_macro   0x00000000       0x10 ./08_Source/main.o
 .debug_macro   0x00000000      0x214 ./08_Source/main.o
 .debug_macro   0x00000000     0x5b10 ./08_Source/main.o
 .debug_macro   0x00000000       0x2e ./08_Source/main.o
 .debug_macro   0x00000000       0x52 ./08_Source/main.o
 .debug_macro   0x00000000       0x28 ./08_Source/main.o
 .group         0x00000000        0x8 ./07_Soft_Component/common/common.o
 .group         0x00000000        0x8 ./07_Soft_Component/common/common.o
 .group         0x00000000        0x8 ./07_Soft_Component/common/common.o
 .group         0x00000000        0x8 ./07_Soft_Component/common/common.o
 .group         0x00000000        0x8 ./07_Soft_Component/common/common.o
 .text          0x00000000        0x0 ./07_Soft_Component/common/common.o
 .data          0x00000000        0x0 ./07_Soft_Component/common/common.o
 .bss           0x00000000        0x0 ./07_Soft_Component/common/common.o
 .bss.int_disable_level
                0x00000000        0x4 ./07_Soft_Component/common/common.o
 .text.init_critical
                0x00000000       0x14 ./07_Soft_Component/common/common.o
 .text.enter_critical
                0x00000000       0x20 ./07_Soft_Component/common/common.o
 .text.exit_critical
                0x00000000       0x28 ./07_Soft_Component/common/common.o
 .text.enable_irq
                0x00000000       0x60 ./07_Soft_Component/common/common.o
 .text.disable_irq
                0x00000000       0x3c ./07_Soft_Component/common/common.o
 .text.set_irq_priority
                0x00000000       0x80 ./07_Soft_Component/common/common.o
 .debug_info    0x00000000      0x273 ./07_Soft_Component/common/common.o
 .debug_abbrev  0x00000000      0x11c ./07_Soft_Component/common/common.o
 .debug_aranges
                0x00000000       0x48 ./07_Soft_Component/common/common.o
 .debug_ranges  0x00000000       0x38 ./07_Soft_Component/common/common.o
 .debug_macro   0x00000000       0x41 ./07_Soft_Component/common/common.o
 .debug_macro   0x00000000      0x7f6 ./07_Soft_Component/common/common.o
 .debug_macro   0x00000000       0x10 ./07_Soft_Component/common/common.o
 .debug_macro   0x00000000      0x214 ./07_Soft_Component/common/common.o
 .debug_macro   0x00000000     0x5b10 ./07_Soft_Component/common/common.o
 .debug_macro   0x00000000       0x2e ./07_Soft_Component/common/common.o
 .debug_line    0x00000000      0x209 ./07_Soft_Component/common/common.o
 .debug_str     0x00000000    0x2143f ./07_Soft_Component/common/common.o
 .comment       0x00000000       0x2b ./07_Soft_Component/common/common.o
 .ARM.attributes
                0x00000000       0x32 ./07_Soft_Component/common/common.o
 .debug_frame   0x00000000       0xc4 ./07_Soft_Component/common/common.o
 .group         0x00000000        0x8 ./06_App_Component/light/light.o
 .group         0x00000000        0x8 ./06_App_Component/light/light.o
 .group         0x00000000        0x8 ./06_App_Component/light/light.o
 .group         0x00000000        0x8 ./06_App_Component/light/light.o
 .group         0x00000000        0x8 ./06_App_Component/light/light.o
 .group         0x00000000        0x8 ./06_App_Component/light/light.o
 .group         0x00000000        0x8 ./06_App_Component/light/light.o
 .text          0x00000000        0x0 ./06_App_Component/light/light.o
 .data          0x00000000        0x0 ./06_App_Component/light/light.o
 .bss           0x00000000        0x0 ./06_App_Component/light/light.o
 .text.light_control
                0x00000000       0x28 ./06_App_Component/light/light.o
 .debug_macro   0x00000000      0x7f6 ./06_App_Component/light/light.o
 .debug_macro   0x00000000       0x10 ./06_App_Component/light/light.o
 .debug_macro   0x00000000      0x214 ./06_App_Component/light/light.o
 .debug_macro   0x00000000     0x5b10 ./06_App_Component/light/light.o
 .debug_macro   0x00000000       0x2e ./06_App_Component/light/light.o
 .debug_macro   0x00000000       0x52 ./06_App_Component/light/light.o
 .group         0x00000000        0x8 ./05_Driver/gpio/gpio.o
 .group         0x00000000        0x8 ./05_Driver/gpio/gpio.o
 .group         0x00000000        0x8 ./05_Driver/gpio/gpio.o
 .group         0x00000000        0x8 ./05_Driver/gpio/gpio.o
 .group         0x00000000        0x8 ./05_Driver/gpio/gpio.o
 .group         0x00000000        0x8 ./05_Driver/gpio/gpio.o
 .text          0x00000000        0x0 ./05_Driver/gpio/gpio.o
 .data          0x00000000        0x0 ./05_Driver/gpio/gpio.o
 .bss           0x00000000        0x0 ./05_Driver/gpio/gpio.o
 .text.gpio_get
                0x00000000       0x54 ./05_Driver/gpio/gpio.o
 .text.gpio_pull
                0x00000000      0x118 ./05_Driver/gpio/gpio.o
 .text.gpio_drive_strength
                0x00000000       0xb4 ./05_Driver/gpio/gpio.o
 .text.gpio_enable_int
                0x00000000       0xb0 ./05_Driver/gpio/gpio.o
 .text.gpio_disable_int
                0x00000000       0x80 ./05_Driver/gpio/gpio.o
 .debug_macro   0x00000000      0x7f6 ./05_Driver/gpio/gpio.o
 .debug_macro   0x00000000       0x10 ./05_Driver/gpio/gpio.o
 .debug_macro   0x00000000      0x214 ./05_Driver/gpio/gpio.o
 .debug_macro   0x00000000     0x5b10 ./05_Driver/gpio/gpio.o
 .debug_macro   0x00000000       0x2e ./05_Driver/gpio/gpio.o
 .group         0x00000000        0x8 ./03_MCU/startup.o
 .group         0x00000000        0x8 ./03_MCU/startup.o
 .group         0x00000000        0x8 ./03_MCU/startup.o
 .group         0x00000000        0x8 ./03_MCU/startup.o
 .group         0x00000000        0x8 ./03_MCU/startup.o
 .group         0x00000000        0x8 ./03_MCU/startup.o
 .group         0x00000000        0x8 ./03_MCU/startup.o
 .text          0x00000000        0x0 ./03_MCU/startup.o
 .data          0x00000000        0x0 ./03_MCU/startup.o
 .bss           0x00000000        0x0 ./03_MCU/startup.o
 .debug_macro   0x00000000      0x7f6 ./03_MCU/startup.o
 .debug_macro   0x00000000       0x10 ./03_MCU/startup.o
 .debug_macro   0x00000000      0x214 ./03_MCU/startup.o
 .debug_macro   0x00000000     0x5b10 ./03_MCU/startup.o
 .debug_macro   0x00000000       0x2e ./03_MCU/startup.o
 .group         0x00000000        0x8 ./03_MCU/sysinit.o
 .group         0x00000000        0x8 ./03_MCU/sysinit.o
 .group         0x00000000        0x8 ./03_MCU/sysinit.o
 .group         0x00000000        0x8 ./03_MCU/sysinit.o
 .group         0x00000000        0x8 ./03_MCU/sysinit.o
 .group         0x00000000        0x8 ./03_MCU/sysinit.o
 .group         0x00000000        0x8 ./03_MCU/sysinit.o
 .text          0x00000000        0x0 ./03_MCU/sysinit.o
 .data          0x00000000        0x0 ./03_MCU/sysinit.o
 .bss           0x00000000        0x0 ./03_MCU/sysinit.o
 .debug_macro   0x00000000      0x7f6 ./03_MCU/sysinit.o
 .debug_macro   0x00000000       0x10 ./03_MCU/sysinit.o
 .debug_macro   0x00000000      0x214 ./03_MCU/sysinit.o
 .debug_macro   0x00000000     0x5b10 ./03_MCU/sysinit.o
 .debug_macro   0x00000000       0x2e ./03_MCU/sysinit.o
 .debug_macro   0x00000000      0x12a ./03_MCU/sysinit.o
 .debug_macro   0x00000000       0x22 ./03_MCU/sysinit.o
 .group         0x00000000        0x8 ./03_MCU/vectors.o
 .group         0x00000000        0x8 ./03_MCU/vectors.o
 .text          0x00000000        0x0 ./03_MCU/vectors.o
 .data          0x00000000        0x0 ./03_MCU/vectors.o
 .bss           0x00000000        0x0 ./03_MCU/vectors.o
 .debug_macro   0x00000000      0x7f6 ./03_MCU/vectors.o
 .debug_macro   0x00000000      0x12a ./03_MCU/vectors.o

Memory Configuration

Name             Origin             Length             Attributes
m_interrupts     0x00000000         0x000000c0         xr
m_text           0x00000800         0x0001fbf0         xr
m_data_1FFFF000  0x1ffff410         0x00000bf0         rw
m_data           0x20000410         0x00002bf0         rw
m_cfmprotrom     0x00000400         0x00000010         xr
*default*        0x00000000         0xffffffff

Linker script and memory map

LOAD ./08_Source/isr.o
LOAD ./08_Source/main.o
LOAD ./07_Soft_Component/common/common.o
LOAD ./06_App_Component/light/light.o
LOAD ./05_Driver/gpio/gpio.o
LOAD ./03_MCU/startup.o
LOAD ./03_MCU/sysinit.o
LOAD ./03_MCU/vectors.o
LOAD c:/freescale/kds_1.1.1/toolchain/bin/../lib/gcc/arm-none-eabi/4.8.0\libgcc.a
LOAD c:/freescale/kds_1.1.1/toolchain/bin/../lib/gcc/arm-none-eabi/4.8.0/../../../../arm-none-eabi/lib\libstdc++.a
LOAD c:/freescale/kds_1.1.1/toolchain/bin/../lib/gcc/arm-none-eabi/4.8.0/../../../../arm-none-eabi/lib\libm.a
START GROUP
LOAD c:/freescale/kds_1.1.1/toolchain/bin/../lib/gcc/arm-none-eabi/4.8.0\libgcc.a
LOAD c:/freescale/kds_1.1.1/toolchain/bin/../lib/gcc/arm-none-eabi/4.8.0/../../../../arm-none-eabi/lib\libg_s.a
LOAD c:/freescale/kds_1.1.1/toolchain/bin/../lib/gcc/arm-none-eabi/4.8.0/../../../../arm-none-eabi/lib\libc_s.a
END GROUP
                0x20003000                _estack = 0x20003000
                0x20003000                __SP_INIT = _estack
                0x20003000                __BOOT_STACK_ADDRESS = _estack
                0x00000000                __heap_size = 0x0
                0x00000400                __stack_size = 0x400
                0x1ffff000                __VECTOR_RAM = 0x1ffff000

.interrupts     0x00000000       0xc0
                0x00000000                __vector_table = .
                0x00000000                . = ALIGN (0x4)
 *(.vectortable)
 .vectortable   0x00000000       0xc0 ./03_MCU/vectors.o
                0x00000000                rom_vector
                0x000000c0                . = ALIGN (0x4)

.cfmprotect     0x00000400        0x0
                0x00000400                . = ALIGN (0x4)
 *(.cfmconfig)
                0x00000400                . = ALIGN (0x4)

.text           0x00000800      0x550
                0x00000800                . = ALIGN (0x4)
 *(.text)
 *(.text*)
 .text.main     0x00000800       0x40 ./08_Source/main.o
                0x00000800                main
 .text.light_init
                0x00000840       0x2c ./06_App_Component/light/light.o
                0x00000840                light_init
 .text.light_change
                0x0000086c       0x1c ./06_App_Component/light/light.o
                0x0000086c                light_change
 .text.gpio_port_pin_resolution
                0x00000888       0x34 ./05_Driver/gpio/gpio.o
 .text.gpio_init
                0x000008bc       0xe8 ./05_Driver/gpio/gpio.o
                0x000008bc                gpio_init
 .text.gpio_set
                0x000009a4       0x80 ./05_Driver/gpio/gpio.o
                0x000009a4                gpio_set
 .text.gpio_reverse
                0x00000a24       0x54 ./05_Driver/gpio/gpio.o
                0x00000a24                gpio_reverse
 .text.startup  0x00000a78       0x2c ./03_MCU/startup.o
                0x00000a78                startup
 .text.vector_init
                0x00000aa4       0x54 ./03_MCU/startup.o
 .text.m_zero_fill_bss
                0x00000af8       0x3c ./03_MCU/startup.o
 .text.m_data_seg_init
                0x00000b34       0x48 ./03_MCU/startup.o
 .text.sys_pin_enable_port
                0x00000b7c       0x24 ./03_MCU/startup.o
 .text.sys_init
                0x00000ba0      0x180 ./03_MCU/sysinit.o
                0x00000ba0                sys_init
 .text.NOS_isrDummy
                0x00000d20        0x8 ./03_MCU/vectors.o
                0x00000d20                NOS_isrDummy
 *(.rodata)
 *(.rodata*)
 .rodata.PORT_ARR
                0x00000d28       0x14 ./05_Driver/gpio/gpio.o
 .rodata.GPIO_ARR
                0x00000d3c       0x14 ./05_Driver/gpio/gpio.o
 *(.glue_7)
 .glue_7        0x00000000        0x0 linker stubs
 *(.glue_7t)
 .glue_7t       0x00000000        0x0 linker stubs
 *(.eh_frame)
 *(.init)
 *(.fini)
                0x00000d50                . = ALIGN (0x4)
                0x00000d50                _etext = .
                0x00000d50                __START_DATA_ROM = _etext

.vfp11_veneer   0x00000d50        0x0
 .vfp11_veneer  0x00000000        0x0 linker stubs

.v4_bx          0x00000d50        0x0
 .v4_bx         0x00000000        0x0 linker stubs

.iplt           0x00000d50        0x0
 .iplt          0x00000000        0x0 ./08_Source/isr.o

.rel.dyn        0x00000d50        0x0
 .rel.iplt      0x00000000        0x0 ./08_Source/isr.o

.ARM.extab
 *(.ARM.extab* .gnu.linkonce.armextab.*)

.ARM            0x00000d50        0x0
                0x00000d50                __exidx_start = .
 *(.ARM.exidx*)
                0x00000d50                __exidx_end = .

.ctors          0x00000d50        0x0
                0x00000d50                __CTOR_LIST__ = .
 *crtbegin.o(.ctors)
 *(EXCLUDE_FILE(*crtend.o) .ctors)
 *(SORT(.ctors.*))
 *(.ctors)
                0x00000d50                __CTOR_END__ = .

.dtors          0x00000d50        0x0
                0x00000d50                __DTOR_LIST__ = .
 *crtbegin.o(.dtors)
 *(EXCLUDE_FILE(*crtend.o) .dtors)
 *(SORT(.dtors.*))
 *(.dtors)
                0x00000d50                __DTOR_END__ = .

.preinit_array  0x00000d50        0x0
                0x00000d50                PROVIDE (__preinit_array_start, .)
 *(.preinit_array*)
                0x00000d50                PROVIDE (__preinit_array_end, .)

.init_array     0x00000d50        0x0
                0x00000d50                PROVIDE (__init_array_start, .)
 *(SORT(.init_array.*))
 *(.init_array*)
                0x00000d50                PROVIDE (__init_array_end, .)

.fini_array     0x00000d50        0x0
                0x00000d50                PROVIDE (__fini_array_start, .)
 *(SORT(.fini_array.*))
 *(.fini_array*)
                0x00000d50                PROVIDE (__fini_array_end, .)
                0x00000d50                ___ROM_AT = .

.data           0x20000410        0x0 load address 0x00000d50
                0x20000410                . = ALIGN (0x4)
                0x20000410                _sdata = .
                0x20000410                __START_DATA = _sdata
 *(.data)
 *(.data*)
                0x20000410                . = ALIGN (0x4)
                0x20000410                _edata = .
                0x20000410                __END_DATA = _edata
                0x00000000                ___data_size = (_edata - _sdata)
                0x00000d50                ___m_data_1FFFF000_ROMStart = (___ROM_AT + SIZEOF (.data))

.igot.plt       0x20000410        0x0
 .igot.plt      0x00000000        0x0 ./08_Source/isr.o

.m_data_1FFFF000
                0x1ffff410        0x0 load address 0x00000d50
                0x1ffff410                . = ALIGN (0x4)
                0x1ffff410                ___m_data_1FFFF000_RAMStart = .
 *(.m_data_1FFFF000)
                0x1ffff410                ___m_data_1FFFF000_RAMEnd = .
                0x1ffff410                . = ALIGN (0x4)
                0x00000000                ___m_data_1FFFF000_ROMSize = (___m_data_1FFFF000_RAMEnd - ___m_data_1FFFF000_RAMStart)
                0x1ffff410                . = ALIGN (0x4)

.bss            0x20000410        0x0
                0x20000410                __START_BSS = .
                0x20000410                __bss_start__ = __START_BSS
 *(.bss)
 *(.bss*)
 *(COMMON)
                0x20000410                . = ALIGN (0x4)
                0x20000410                __END_BSS = .
                0x20000410                __bss_end__ = __END_BSS

._user_heap_stack
                0x20000410      0x400
                0x20000410                . = ALIGN (0x4)
                0x20000410                PROVIDE (end, .)
                0x20000410                PROVIDE (_end, .)
                0x20000410                __heap_addr = .
                0x20000410                . = (. + __heap_size)
                0x20000810                . = (. + __stack_size)
 *fill*         0x20000410      0x400 
                0x20000810                . = ALIGN (0x4)
                0x00000d50                _romp_at = ((___ROM_AT + SIZEOF (.data)) + SIZEOF (.m_data_1FFFF000))

.romp           0x1ffff410       0x24 load address 0x00000d50
                0x00000d50                __S_romp = _romp_at
                0x1ffff410        0x4 LONG 0xd50 ___ROM_AT
                0x1ffff414        0x4 LONG 0x20000410 _sdata
                0x1ffff418        0x4 LONG 0x0 ___data_size
                0x1ffff41c        0x4 LONG 0xd50 ___m_data_1FFFF000_ROMStart
                0x1ffff420        0x4 LONG 0x1ffff410 ___m_data_1FFFF000_RAMStart
                0x1ffff424        0x4 LONG 0x0 ___m_data_1FFFF000_ROMSize
                0x1ffff428        0x4 LONG 0x0
                0x1ffff42c        0x4 LONG 0x0
                0x1ffff430        0x4 LONG 0x0

.ARM.attributes
                0x00000000       0x32
 *(.ARM.attributes)
 .ARM.attributes
                0x00000000       0x32 ./08_Source/main.o
 .ARM.attributes
                0x00000032       0x32 ./06_App_Component/light/light.o
 .ARM.attributes
                0x00000064       0x32 ./05_Driver/gpio/gpio.o
 .ARM.attributes
                0x00000096       0x32 ./03_MCU/startup.o
 .ARM.attributes
                0x000000c8       0x32 ./03_MCU/sysinit.o
 .ARM.attributes
                0x000000fa       0x32 ./03_MCU/vectors.o
OUTPUT(KL25_Light_Component.elf elf32-littlearm)

.debug_info     0x00000000     0x102b
 .debug_info    0x00000000       0xad ./08_Source/main.o
 .debug_info    0x000000ad      0x118 ./06_App_Component/light/light.o
 .debug_info    0x000001c5      0x50b ./05_Driver/gpio/gpio.o
 .debug_info    0x000006d0      0x517 ./03_MCU/startup.o
 .debug_info    0x00000be7      0x3bd ./03_MCU/sysinit.o
 .debug_info    0x00000fa4       0x87 ./03_MCU/vectors.o

.debug_abbrev   0x00000000      0x4ab
 .debug_abbrev  0x00000000       0x63 ./08_Source/main.o
 .debug_abbrev  0x00000063       0x7b ./06_App_Component/light/light.o
 .debug_abbrev  0x000000de      0x127 ./05_Driver/gpio/gpio.o
 .debug_abbrev  0x00000205      0x128 ./03_MCU/startup.o
 .debug_abbrev  0x0000032d       0xf3 ./03_MCU/sysinit.o
 .debug_abbrev  0x00000420       0x8b ./03_MCU/vectors.o

.debug_aranges  0x00000000      0x130
 .debug_aranges
                0x00000000       0x20 ./08_Source/main.o
 .debug_aranges
                0x00000020       0x30 ./06_App_Component/light/light.o
 .debug_aranges
                0x00000050       0x60 ./05_Driver/gpio/gpio.o
 .debug_aranges
                0x000000b0       0x40 ./03_MCU/startup.o
 .debug_aranges
                0x000000f0       0x20 ./03_MCU/sysinit.o
 .debug_aranges
                0x00000110       0x20 ./03_MCU/vectors.o

.debug_ranges   0x00000000       0xd0
 .debug_ranges  0x00000000       0x10 ./08_Source/main.o
 .debug_ranges  0x00000010       0x20 ./06_App_Component/light/light.o
 .debug_ranges  0x00000030       0x50 ./05_Driver/gpio/gpio.o
 .debug_ranges  0x00000080       0x30 ./03_MCU/startup.o
 .debug_ranges  0x000000b0       0x10 ./03_MCU/sysinit.o
 .debug_ranges  0x000000c0       0x10 ./03_MCU/vectors.o

.debug_macro    0x00000000      0x3bc
 .debug_macro   0x00000000       0x63 ./08_Source/main.o
 .debug_macro   0x00000063       0x59 ./06_App_Component/light/light.o
 .debug_macro   0x000000bc       0x22 ./06_App_Component/light/light.o
 .debug_macro   0x000000de       0x50 ./05_Driver/gpio/gpio.o
 .debug_macro   0x0000012e       0x4c ./05_Driver/gpio/gpio.o
 .debug_macro   0x0000017a       0x6f ./03_MCU/startup.o
 .debug_macro   0x000001e9      0x12a ./03_MCU/startup.o
 .debug_macro   0x00000313       0x22 ./03_MCU/startup.o
 .debug_macro   0x00000335       0x63 ./03_MCU/sysinit.o
 .debug_macro   0x00000398       0x24 ./03_MCU/vectors.o

.debug_line     0x00000000     0x10dc
 .debug_line    0x00000000      0x378 ./08_Source/main.o
 .debug_line    0x00000378      0x2f8 ./06_App_Component/light/light.o
 .debug_line    0x00000670      0x2f8 ./05_Driver/gpio/gpio.o
 .debug_line    0x00000968      0x347 ./03_MCU/startup.o
 .debug_line    0x00000caf      0x342 ./03_MCU/sysinit.o
 .debug_line    0x00000ff1       0xeb ./03_MCU/vectors.o

.debug_str      0x00000000    0x21b48
 .debug_str     0x00000000    0x21142 ./08_Source/main.o
                              0x2149b (size before relaxing)
 .debug_str     0x00021142       0x66 ./06_App_Component/light/light.o
                              0x214af (size before relaxing)
 .debug_str     0x000211a8      0x152 ./05_Driver/gpio/gpio.o
                              0x21558 (size before relaxing)
 .debug_str     0x000212fa      0x7c2 ./03_MCU/startup.o
                              0x21b19 (size before relaxing)
 .debug_str     0x00021abc       0x4b ./03_MCU/sysinit.o
                              0x219d9 (size before relaxing)
 .debug_str     0x00021b07       0x41 ./03_MCU/vectors.o
                               0x27ba (size before relaxing)

.comment        0x00000000       0x2a
 .comment       0x00000000       0x2a ./08_Source/main.o
                                 0x2b (size before relaxing)
 .comment       0x00000000       0x2b ./06_App_Component/light/light.o
 .comment       0x00000000       0x2b ./05_Driver/gpio/gpio.o
 .comment       0x00000000       0x2b ./03_MCU/startup.o
 .comment       0x00000000       0x2b ./03_MCU/sysinit.o
 .comment       0x00000000       0x2b ./03_MCU/vectors.o

.debug_frame    0x00000000      0x2d4
 .debug_frame   0x00000000       0x30 ./08_Source/main.o
 .debug_frame   0x00000030       0x70 ./06_App_Component/light/light.o
 .debug_frame   0x000000a0      0x130 ./05_Driver/gpio/gpio.o
 .debug_frame   0x000001d0       0xa8 ./03_MCU/startup.o
 .debug_frame   0x00000278       0x30 ./03_MCU/sysinit.o
 .debug_frame   0x000002a8       0x2c ./03_MCU/vectors.o
